---
http_interactions:
- request:
    method: post
    uri: https://ev-station-finder-backend.herokuapp.com/api/v1/sessions?email=wizard@hogwarts.com&password=verysecurepassword
    body:
      encoding: UTF-8
      string: ''
    headers:
      User-Agent:
      - Faraday v1.4.3
      Content-Length:
      - '0'
      Accept-Encoding:
      - gzip;q=1.0,deflate;q=0.6,identity;q=0.3
      Accept:
      - "*/*"
  response:
    status:
      code: 200
      message: OK
    headers:
      Server:
      - Cowboy
      Date:
      - Thu, 18 Nov 2021 19:43:59 GMT
      Connection:
      - keep-alive
      Content-Type:
      - application/json; charset=utf-8
      Etag:
      - W/"aaad2b1c5bd558588746a0e9fafa3334"
      Cache-Control:
      - max-age=0, private, must-revalidate
      X-Request-Id:
      - baa77be6-8fc9-483b-b473-e70ffebe6f0b
      X-Runtime:
      - '0.253629'
      Vary:
      - Origin
      Transfer-Encoding:
      - chunked
      Via:
      - 1.1 vegur
    body:
      encoding: UTF-8
      string: '{"data":{"token":"eyJhbGciOiJIUzI1NiJ9.eyJ1c2VyX2lkIjoxfQ.3OYbz0b_cd-GHBpNcVA6USSRbwCe8ugeA6ZqYeoItq0","type":"user"}}'
  recorded_at: Thu, 18 Nov 2021 19:44:00 GMT
- request:
    method: get
    uri: https://ev-station-finder-backend.herokuapp.com/api/v1/authorize?token=eyJhbGciOiJIUzI1NiJ9.eyJ1c2VyX2lkIjoxfQ.3OYbz0b_cd-GHBpNcVA6USSRbwCe8ugeA6ZqYeoItq0
    body:
      encoding: US-ASCII
      string: ''
    headers:
      User-Agent:
      - Faraday v1.4.3
      Accept-Encoding:
      - gzip;q=1.0,deflate;q=0.6,identity;q=0.3
      Accept:
      - "*/*"
  response:
    status:
      code: 200
      message: OK
    headers:
      Server:
      - Cowboy
      Date:
      - Thu, 18 Nov 2021 19:44:00 GMT
      Connection:
      - keep-alive
      Content-Type:
      - application/json; charset=utf-8
      Etag:
      - W/"aaad2b1c5bd558588746a0e9fafa3334"
      Cache-Control:
      - max-age=0, private, must-revalidate
      X-Request-Id:
      - 3fbb61b0-99ae-433b-bf76-a286d4b8da2c
      X-Runtime:
      - '0.004534'
      Vary:
      - Origin
      Transfer-Encoding:
      - chunked
      Via:
      - 1.1 vegur
    body:
      encoding: UTF-8
      string: '{"data":{"token":"eyJhbGciOiJIUzI1NiJ9.eyJ1c2VyX2lkIjoxfQ.3OYbz0b_cd-GHBpNcVA6USSRbwCe8ugeA6ZqYeoItq0","type":"user"}}'
  recorded_at: Thu, 18 Nov 2021 19:44:00 GMT
- request:
    method: get
    uri: https://ev-station-finder-backend.herokuapp.com/api/v1/users?token=eyJhbGciOiJIUzI1NiJ9.eyJ1c2VyX2lkIjoxfQ.3OYbz0b_cd-GHBpNcVA6USSRbwCe8ugeA6ZqYeoItq0
    body:
      encoding: US-ASCII
      string: ''
    headers:
      User-Agent:
      - Faraday v1.4.3
      Accept-Encoding:
      - gzip;q=1.0,deflate;q=0.6,identity;q=0.3
      Accept:
      - "*/*"
  response:
    status:
      code: 200
      message: OK
    headers:
      Server:
      - Cowboy
      Date:
      - Thu, 18 Nov 2021 19:44:00 GMT
      Connection:
      - keep-alive
      Content-Type:
      - application/json; charset=utf-8
      Etag:
      - W/"3e7f7ccea50ac8e14e81f8e99140f9b1"
      Cache-Control:
      - max-age=0, private, must-revalidate
      X-Request-Id:
      - a6ffa1a9-e6a6-4d4c-a74a-50bd6b334084
      X-Runtime:
      - '0.003978'
      Vary:
      - Origin
      Transfer-Encoding:
      - chunked
      Via:
      - 1.1 vegur
    body:
      encoding: UTF-8
      string: '{"data":{"id":null,"type":"user","attributes":{"first_name":"Harry","last_name":"Potter","email":"wizard@hogwarts.com","street_address":"3722
        Crenshaw Blvd.","city":"Los Angeles","state":"CA","zip_code":"90016"}}}'
  recorded_at: Thu, 18 Nov 2021 19:44:00 GMT
- request:
    method: get
    uri: https://ev-station-finder-backend.herokuapp.com/api/v1/stations?location=3722%20Crenshaw%20Blvd.%20Los%20Angeles,%20CA%2090016
    body:
      encoding: US-ASCII
      string: ''
    headers:
      User-Agent:
      - Faraday v1.4.3
      Accept-Encoding:
      - gzip;q=1.0,deflate;q=0.6,identity;q=0.3
      Accept:
      - "*/*"
  response:
    status:
      code: 200
      message: OK
    headers:
      Server:
      - Cowboy
      Date:
      - Thu, 18 Nov 2021 19:44:01 GMT
      Connection:
      - keep-alive
      Content-Type:
      - application/json; charset=utf-8
      Etag:
      - W/"9d4d7737bd4faf5b588f00d97726f366"
      Cache-Control:
      - max-age=0, private, must-revalidate
      X-Request-Id:
      - 4eabaa13-f930-49ea-9da9-c764f015a2e7
      X-Runtime:
      - '0.465699'
      Vary:
      - Origin
      Transfer-Encoding:
      - chunked
      Via:
      - 1.1 vegur
    body:
      encoding: UTF-8
      string: '{"data":[{"id":null,"type":"station","attributes":{"name":"G\u0026M
        OIL CHEVRON #111","distance":1.13745,"status":"Available","hours":"Mon 12:00am
        - 12:00am; Tue 12:00am - 12:00am; Wed 12:00am - 12:00am; Thu 12:00am - 12:00am;
        Fri 12:00am - 12:00am; Sat 12:00am - 12:00am; Sun 12:00am - 12:00am","ev_network":"ChargePoint
        Network","street_address":"3600 South La Brea Ave","city":"Los Angeles","state":"CA","zip_code":"90016","api_id":182990}},{"id":null,"type":"station","attributes":{"name":"Sprouts
        San Vicente","distance":2.15766,"status":"Available","hours":"24 hours daily","ev_network":"eVgo
        Network","street_address":"4918 San Vicente Blvd","city":"Los Angeles","state":"CA","zip_code":"90019","api_id":198929}},{"id":null,"type":"station","attributes":{"name":"CULVER
        HONDA CULVERCPE200T","distance":3.22484,"status":"Available","hours":"24 hours
        daily","ev_network":"ChargePoint Network","street_address":"9055 Washington
        Blvd","city":"Culver City","state":"CA","zip_code":"90232","api_id":178356}},{"id":null,"type":"station","attributes":{"name":"Venice
        Crossroads","distance":3.28541,"status":"Available","hours":"24 hours daily","ev_network":"eVgo
        Network","street_address":"8985 Venice Blvd","city":"Los Angeles","state":"CA","zip_code":"90034","api_id":191985}},{"id":null,"type":"station","attributes":{"name":"University
        of Southern California","distance":3.28705,"status":"Available","hours":"Faculty,
        staff, and student use only","ev_network":"Non-Networked","street_address":"357
        W 35th St","city":"Los Angeles","state":"CA","zip_code":"90007","api_id":76704}},{"id":null,"type":"station","attributes":{"name":"Petersen
        Automotive Museum","distance":3.29673,"status":"Available","hours":"24 hours
        daily","ev_network":"eVgo Network","street_address":"6060 Wilshire Blvd","city":"Los
        Angeles","state":"CA","zip_code":"90036","api_id":198212}},{"id":null,"type":"station","attributes":{"name":"Trader
        Joe''s","distance":3.31217,"status":"Available","hours":"24 hours daily","ev_network":"eVgo
        Network","street_address":"9290 Culver Blvd","city":"Culver City","state":"CA","zip_code":"90232","api_id":198844}},{"id":null,"type":"station","attributes":{"name":"Nissan
        of Downtown Los Angeles","distance":3.71984,"status":"Available","hours":"Dealership
        business hours","ev_network":"Non-Networked","street_address":"635 W Washington
        Blvd","city":"Los Angeles","state":"CA","zip_code":"90015","api_id":39906}},{"id":null,"type":"station","attributes":{"name":"Westfield
        Culver City - Tesla Supercharger","distance":3.8689,"status":"Available","hours":"24
        hours daily; for Tesla use only","ev_network":"Tesla","street_address":"6000
        Sepulveda Blvd.","city":"Culver City","state":"CA","zip_code":"90230","api_id":102011}},{"id":null,"type":"station","attributes":{"name":"Veteran''s
        Memorial Park","distance":3.92067,"status":"Available","hours":"24 hours daily","ev_network":"eVgo
        Network","street_address":"4117 Overland Ave","city":"Culver City","state":"CA","zip_code":"90230","api_id":198924}},{"id":null,"type":"station","attributes":{"name":"Culver
        City Senior Center","distance":3.94959,"status":"Available","hours":"24 hours
        daily","ev_network":"eVgo Network","street_address":"4095 Overland Ave","city":"Culver
        City","state":"CA","zip_code":"90232","api_id":198923}},{"id":null,"type":"station","attributes":{"name":"Westfield
        Culver City (Culver City, CA)","distance":4.06027,"status":"Available","hours":"24
        hours daily","ev_network":"Electrify America","street_address":"6000 Sepulveda
        Blvd","city":"Culver City","state":"CA","zip_code":"90230","api_id":199192}},{"id":null,"type":"station","attributes":{"name":"Inglewood
        City Hall","distance":4.05496,"status":"Available","hours":"24 hours daily","ev_network":"eVgo
        Network","street_address":"105 S La Brea Ave","city":"Inglewood","state":"CA","zip_code":"90301","api_id":198371}},{"id":null,"type":"station","attributes":{"name":"Hotel
        Indigo Los Angeles Downtown - Tesla Supercharger","distance":4.5035,"status":"Available","hours":"24
        hours daily; for Tesla use only","ev_network":"Tesla","street_address":"899
        South Francisco Street","city":"Los Angeles","state":"CA","zip_code":"90015","api_id":122275}}]}'
  recorded_at: Thu, 18 Nov 2021 19:44:01 GMT
- request:
    method: get
    uri: https://ev-station-finder-backend.herokuapp.com/api/v1/favorite_stations?token=eyJhbGciOiJIUzI1NiJ9.eyJ1c2VyX2lkIjoxfQ.3OYbz0b_cd-GHBpNcVA6USSRbwCe8ugeA6ZqYeoItq0
    body:
      encoding: US-ASCII
      string: ''
    headers:
      User-Agent:
      - Faraday v1.4.3
      Accept-Encoding:
      - gzip;q=1.0,deflate;q=0.6,identity;q=0.3
      Accept:
      - "*/*"
  response:
    status:
      code: 200
      message: OK
    headers:
      Server:
      - Cowboy
      Date:
      - Thu, 18 Nov 2021 19:44:02 GMT
      Connection:
      - keep-alive
      Content-Type:
      - application/json; charset=utf-8
      Etag:
      - W/"ca302c886adfe9cde8328939eac0672a"
      Cache-Control:
      - max-age=0, private, must-revalidate
      X-Request-Id:
      - dd8a81f2-0575-4218-900d-1244c342921b
      X-Runtime:
      - '0.475863'
      Vary:
      - Origin
      Transfer-Encoding:
      - chunked
      Via:
      - 1.1 vegur
    body:
      encoding: UTF-8
      string: '{"data":[{"id":null,"type":"station","attributes":{"name":"Casey''s
        General Store","distance":null,"status":"Available","hours":"24 hours daily","ev_network":"Non-Networked","street_address":"2375
        St Andrews Dr","city":"Altoona","state":"WI","zip_code":"54720","api_id":152087}},{"id":null,"type":"station","attributes":{"name":"Murphy
        Express","distance":null,"status":"Available","hours":"24 hours daily; Also
        accepts Murphy USA Fleet Card","ev_network":"Non-Networked","street_address":"1358
        Wyoming Blvd NE","city":"Albuquerque","state":"NM","zip_code":"87112","api_id":152070}}]}'
  recorded_at: Thu, 18 Nov 2021 19:44:02 GMT
- request:
    method: get
    uri: https://ev-station-finder-backend.herokuapp.com/api/v1/stations?location=Las%20Vegas,%20Nevada
    body:
      encoding: US-ASCII
      string: ''
    headers:
      User-Agent:
      - Faraday v1.4.3
      Accept-Encoding:
      - gzip;q=1.0,deflate;q=0.6,identity;q=0.3
      Accept:
      - "*/*"
  response:
    status:
      code: 200
      message: OK
    headers:
      Server:
      - Cowboy
      Date:
      - Thu, 18 Nov 2021 19:44:02 GMT
      Connection:
      - keep-alive
      Content-Type:
      - application/json; charset=utf-8
      Etag:
      - W/"4284a6c4a9278a41c76a98501239453d"
      Cache-Control:
      - max-age=0, private, must-revalidate
      X-Request-Id:
      - 2d8285b7-0db6-484f-9e75-a012df337c7d
      X-Runtime:
      - '0.492894'
      Vary:
      - Origin
      Transfer-Encoding:
      - chunked
      Via:
      - 1.1 vegur
    body:
      encoding: UTF-8
      string: '{"data":[{"id":null,"type":"station","attributes":{"name":"Las Vegas,
        NV - Bridger Avenue - Tesla Supercharger","distance":0.25186,"status":"Available","hours":"24
        hours daily; for Tesla use only","ev_network":"Tesla","street_address":"701
        Bridger Ave","city":"Las Vegas","state":"NV","zip_code":"89101","api_id":102317}},{"id":null,"type":"station","attributes":{"name":"Las
        Vegas North Premium Outlets - Tesla Supercharger","distance":1.0514,"status":"Available","hours":"24
        hours daily; for Tesla use only","ev_network":"Tesla","street_address":"875
        South Grand Central Parkway","city":"Las Vegas","state":"NV","zip_code":"89106","api_id":166933}},{"id":null,"type":"station","attributes":{"name":"Terrible
        Herbst","distance":1.29603,"status":"Available","hours":"24 hours daily","ev_network":"eVgo
        Network","street_address":"1500 W Bonanza Rd","city":"Las Vegas","state":"NV","zip_code":"89106","api_id":198280}},{"id":null,"type":"station","attributes":{"name":"Terrible
        Herbst","distance":3.14455,"status":"Available","hours":"24 hours daily","ev_network":"Non-Networked","street_address":"22625
        Highway-161","city":"Jean","state":"NV","zip_code":"89019","api_id":165774}},{"id":null,"type":"station","attributes":{"name":"Target
        T0265 (Paradise, NV)","distance":3.69025,"status":"Available","hours":"24
        hours daily","ev_network":"Electrify America","street_address":"4001 S Maryland
        Pkwy","city":"Las Vegas","state":"NV","zip_code":"89119","api_id":199194}},{"id":null,"type":"station","attributes":{"name":"The
        Linq Promenade - Tesla Supercharger","distance":3.94031,"status":"Available","hours":"24
        hours daily; for Tesla use only","ev_network":"Tesla","street_address":"3545
        South Las Vegas Boulevard","city":"Las Vegas","state":"NV","zip_code":"89109","api_id":149321}},{"id":null,"type":"station","attributes":{"name":"Forum
        Shops at Caesars Palace (Las Vegas, NV)","distance":3.96921,"status":"Available","hours":"24
        hours daily","ev_network":"Electrify America","street_address":"3500 S Las
        Vegas Blvd","city":"Las Vegas","state":"NV","zip_code":"89109","api_id":192704}}]}'
  recorded_at: Thu, 18 Nov 2021 19:44:03 GMT
recorded_with: VCR 6.0.0
